C251 COMPILER V5.60.0,  adc                                                                15/03/23  18:34:48  PAGE 1   


C251 COMPILER V5.60.0, COMPILATION OF MODULE adc
OBJECT MODULE PLACED IN .\Out\adc.obj
COMPILER INVOKED BY: C:\Learning\Keil_v5\body\C251\BIN\C251.EXE User\User_c\adc.c XSMALL INTR2 BROWSE INCDIR(.\Lib\libra
                    -ries;.\Lib\seekfree_libraries;.\Lib\seekfree_peripheral;.\User\User_h) DEBUG PRINT(.\Listings\adc.lst) TABS(2) OBJECT(.\
                    -Out\adc.obj) 

stmt  level    source

    1          // 该文件用于将使用ADC采集到的电感输出值变化为舵机偏差值，并将相应数据录入舵机偏差结构体中
    2          
    3          #include "adc.h"
    4          
    5          void calculate_s(DG_State *dg, Err_Steering *Err_Ste) // 根据电感状态计算偏差值，并更新偏差值结构体中last
             -量，结果保存在舵机偏差值结构体中
    6          {
    7   1        dg->L_zx_real = (ADC_ReadAverage(ZX, count_dg, RE));
    8   1        dg->L_zh_real = (ADC_ReadAverage(ZH, count_dg, RE));
    9   1      
   10   1      //  dg->L_zs_real = (ADC_ReadAverage(ZS, count_dg, RE));//没用
   11   1      //  dg->L_ys_real = (ADC_ReadAverage(YS, count_dg, RE));//没用
   12   1        
   13   1        dg->L_yh_real = (ADC_ReadAverage(YH, count_dg, RE));
   14   1        dg->L_yx_real = (ADC_ReadAverage(YX, count_dg, RE));
   15   1        // 求取10次采样平均值作为真实值
   16   1      
   17   1        dg->L_zx_real = dg->L_zx_real >= 1 ? dg->L_zx_real : 1;
   18   1        dg->L_zh_real = dg->L_zh_real >= 1 ? dg->L_zh_real : 1;
   19   1        dg->L_zs_real = dg->L_zs_real >= 1 ? dg->L_zs_real : 1;
   20   1        dg->L_ys_real = dg->L_ys_real >= 1 ? dg->L_ys_real : 1;
   21   1        dg->L_yh_real = dg->L_yh_real >= 1 ? dg->L_yh_real : 1;
   22   1        dg->L_yx_real = dg->L_yx_real >= 1 ? dg->L_yx_real : 1;
   23   1        // 使采样最小值为1
   24   1      
   25   1        dg->L_zx_once = (sqrt(((float)dg->L_zx_real) / (dg->L_zx_max)));
   26   1        dg->L_zh_once = (sqrt(((float)dg->L_zh_real) / (dg->L_zh_max)));
   27   1        dg->L_zs_once = (sqrt(((float)dg->L_zs_real) / (dg->L_zs_max)));//没用
   28   1        dg->L_ys_once = (sqrt(((float)dg->L_ys_real) / (dg->L_ys_max)));//没用
   29   1        dg->L_yh_once = (sqrt(((float)dg->L_yh_real) / (dg->L_yh_max)));
   30   1        dg->L_yx_once = (sqrt(((float)dg->L_yx_real) / (dg->L_yx_max)));
   31   1        // 第一次归一化，使得电感距离电感最大值处的吻合度用百分比表示，并开方使得偏差和小车偏离赛道的距离成单调
             -关系（即消除极点），使得丢线更好判断
   32   1      
   33   1        dg->L_zx_twice = (dg->L_zx_once) / (dg->L_zx_once * dg->L_zx_once + dg->L_yx_once * dg->L_yx_once + dg-
             ->L_zh_once * dg->L_zh_once + dg->L_yh_once * dg->L_yh_once);
   34   1        dg->L_zh_twice = (dg->L_zh_once) / (dg->L_zx_once * dg->L_zx_once + dg->L_yx_once * dg->L_yx_once + dg-
             ->L_zh_once * dg->L_zh_once + dg->L_yh_once * dg->L_yh_once);
   35   1        dg->L_yh_twice = (dg->L_yh_once) / (dg->L_zx_once * dg->L_zx_once + dg->L_yx_once * dg->L_yx_once + dg-
             ->L_zh_once * dg->L_zh_once + dg->L_yh_once * dg->L_yh_once);
   36   1        dg->L_yx_twice = (dg->L_yx_once) / (dg->L_zx_once * dg->L_zx_once + dg->L_yx_once * dg->L_yx_once + dg-
             ->L_zh_once * dg->L_zh_once + dg->L_yh_once * dg->L_yh_once);
   37   1        // 第二次归一化，求取横电感和斜电感偏差值占总的百分比
   38   1      
   39   1        Err_Ste->Err_x = dg->L_zx_twice - dg->L_yx_twice;
   40   1        Err_Ste->Err_h = dg->L_zh_twice - dg->L_yh_twice;
   41   1        Err_Ste->Err = (-0.6151 * (Err_Ste->Err_x)) + (3.3868 * (Err_Ste->Err_h));
   42   1        // 以上系数使用matlab拟合，使得偏差和小车偏离赛道的距离成线性关系，至此，偏差和小车偏离赛道的距离成单调
             -线性关系
   43   1        Err_Ste->Errsum += Err_Ste->Err;
   44   1        Err_Ste->Errdif = Err_Ste->Err - Err_Ste->Err_last;
   45   1        // 位置式PID积分和差分运算
   46   1        Err_Ste->Err_x_last = Err_Ste->Err_x;
   47   1        Err_Ste->Err_h_last = Err_Ste->Err_h;
   48   1        Err_Ste->Err_last = Err_Ste->Err;
   49   1        // 偏差值更新
   50   1      }
C251 COMPILER V5.60.0,  adc                                                                15/03/23  18:34:48  PAGE 2   



Module Information          Static   Overlayable
------------------------------------------------
  code size            =      1012     ------
  ecode size           =    ------     ------
  data size            =    ------     ------
  idata size           =    ------     ------
  pdata size           =    ------     ------
  xdata size           =    ------     ------
  xdata-const size     =    ------     ------
  edata size           =    ------          4
  bit size             =    ------     ------
  ebit size            =    ------     ------
  bitaddressable size  =    ------     ------
  ebitaddressable size =    ------     ------
  far data size        =    ------     ------
  huge data size       =    ------     ------
  const size           =    ------     ------
  hconst size          =    ------     ------
End of Module Information.


C251 COMPILATION COMPLETE.  0 WARNING(S),  0 ERROR(S)
